
> asset-tracking-app@1.0.0 web
> expo start --web --port 8081

env: load .env
env: export EXPO_PUBLIC_API_URL
Starting project at C:\asset-tracking-app\asset-tracking-app
Using src/app as the root directory for Expo Router.
React Compiler enabled
Starting Metro Bundler
Waiting on http://localhost:8081
Logs for your project will appear below.
Web node_modules\expo-router\entry.js ▓▓▓▓▓▓▓▓▓▓▓▓░░░░ 78.4% (703/794)
λ node_modules\expo-router\node\render.js ▓▓▓▓▓▓▓▓▓▓▓▓░░░░ 81.0% (796/885)
λ Bundled 3733ms node_modules\expo-router\node\render.js (1212 modules)
Web Bundled 5486ms node_modules\expo-router\entry.js (957 modules)
Web Bundled 627ms node_modules\expo-router\entry.js (934 modules)
 LOG  [web] Logs will appear in the browser console
λ Bundled 40ms node_modules\expo-router\node\render.js (1 module)
Web Bundled 842ms node_modules\expo-router\entry.js (1 module)
Web node_modules\expo-router\entry.js ░░░░░░░░░░░░░░░░  0.0% (0/1)
Web Bundled 609ms node_modules\expo-router\entry.js (1 module)
λ Bundled 788ms node_modules\expo-router\node\render.js (1 module)
 ERROR  SyntaxError: C:\asset-tracking-app\asset-tracking-app\src\features\dashboard\hooks\useDashboardData.ts: Nullish coalescing operator(??) requires parens when mixing with logical operators. (332:7)

  330 |       "foundItems",
  331 |       "found",
> 332 |     ]) ||
      |        ^
  333 |     Math.max(row.scannedCount - extra, 0);
  334 |
  335 |   return { found, missing, extra };
    at constructor (C:\asset-tracking-app\asset-tracking-app\node_modules\@babel\parser\lib\index.js:365:19)
    at TypeScriptParserMixin.raise (C:\asset-tracking-app\asset-tracking-app\node_modules\@babel\parser\lib\index.js:6599:19)
    at TypeScriptParserMixin.parseExprOp (C:\asset-tracking-app\asset-tracking-app\node_modules\@babel\parser\lib\index.js:10951:22)
    at TypeScriptParserMixin.parseExprOp (C:\asset-tracking-app\asset-tracking-app\node_modules\@babel\parser\lib\index.js:9306:18)
    at TypeScriptParserMixin.parseExprOps (C:\asset-tracking-app\asset-tracking-app\node_modules\@babel\parser\lib\index.js:10908:17)
    at TypeScriptParserMixin.parseMaybeConditional (C:\asset-tracking-app\asset-tracking-app\node_modules\@babel\parser\lib\index.js:10881:23)
    at TypeScriptParserMixin.parseMaybeAssign (C:\asset-tracking-app\asset-tracking-app\node_modules\@babel\parser\lib\index.js:10831:21)
    at TypeScriptParserMixin.parseMaybeAssign (C:\asset-tracking-app\asset-tracking-app\node_modules\@babel\parser\lib\index.js:9786:20)
    at C:\asset-tracking-app\asset-tracking-app\node_modules\@babel\parser\lib\index.js:10800:39
    at TypeScriptParserMixin.allowInAnd (C:\asset-tracking-app\asset-tracking-app\node_modules\@babel\parser\lib\index.js:12421:16)
    at TypeScriptParserMixin.parseMaybeAssignAllowIn (C:\asset-tracking-app\asset-tracking-app\node_modules\@babel\parser\lib\index.js:10800:17)
    at TypeScriptParserMixin.parseVar (C:\asset-tracking-app\asset-tracking-app\node_modules\@babel\parser\lib\index.js:13384:91)
    at TypeScriptParserMixin.parseVarStatement (C:\asset-tracking-app\asset-tracking-app\node_modules\@babel\parser\lib\index.js:13230:10)
    at TypeScriptParserMixin.parseVarStatement (C:\asset-tracking-app\asset-tracking-app\node_modules\@babel\parser\lib\index.js:9408:31)
    at TypeScriptParserMixin.parseStatementContent (C:\asset-tracking-app\asset-tracking-app\node_modules\@babel\parser\lib\index.js:12851:23)
    at TypeScriptParserMixin.parseStatementContent (C:\asset-tracking-app\asset-tracking-app\node_modules\@babel\parser\lib\index.js:9508:18)
    at TypeScriptParserMixin.parseStatementLike (C:\asset-tracking-app\asset-tracking-app\node_modules\@babel\parser\lib\index.js:12767:17)
    at TypeScriptParserMixin.parseStatementListItem (C:\asset-tracking-app\asset-tracking-app\node_modules\@babel\parser\lib\index.js:12747:17)
    at TypeScriptParserMixin.parseBlockOrModuleBlockBody (C:\asset-tracking-app\asset-tracking-app\node_modules\@babel\parser\lib\index.js:13316:61)
    at TypeScriptParserMixin.parseBlockBody (C:\asset-tracking-app\asset-tracking-app\node_modules\@babel\parser\lib\index.js:13309:10)
    at TypeScriptParserMixin.parseBlock (C:\asset-tracking-app\asset-tracking-app\node_modules\@babel\parser\lib\index.js:13297:10)
    at TypeScriptParserMixin.parseFunctionBody (C:\asset-tracking-app\asset-tracking-app\node_modules\@babel\parser\lib\index.js:12100:24)
    at TypeScriptParserMixin.parseFunctionBodyAndFinish (C:\asset-tracking-app\asset-tracking-app\node_modules\@babel\parser\lib\index.js:12086:10)
    at TypeScriptParserMixin.parseFunctionBodyAndFinish (C:\asset-tracking-app\asset-tracking-app\node_modules\@babel\parser\lib\index.js:9172:18)
    at C:\asset-tracking-app\asset-tracking-app\node_modules\@babel\parser\lib\index.js:13445:12
    at TypeScriptParserMixin.withSmartMixTopicForbiddingContext (C:\asset-tracking-app\asset-tracking-app\node_modules\@babel\parser\lib\index.js:12403:14)
    at TypeScriptParserMixin.parseFunction (C:\asset-tracking-app\asset-tracking-app\node_modules\@babel\parser\lib\index.js:13444:10)
    at TypeScriptParserMixin.parseFunctionStatement (C:\asset-tracking-app\asset-tracking-app\node_modules\@babel\parser\lib\index.js:13125:17)
    at TypeScriptParserMixin.parseStatementContent (C:\asset-tracking-app\asset-tracking-app\node_modules\@babel\parser\lib\index.js:12791:21)
    at TypeScriptParserMixin.parseStatementContent (C:\asset-tracking-app\asset-tracking-app\node_modules\@babel\parser\lib\index.js:9508:18)
    at TypeScriptParserMixin.parseStatementLike (C:\asset-tracking-app\asset-tracking-app\node_modules\@babel\parser\lib\index.js:12767:17)
    at TypeScriptParserMixin.parseModuleItem (C:\asset-tracking-app\asset-tracking-app\node_modules\@babel\parser\lib\index.js:12744:17)
    at TypeScriptParserMixin.parseBlockOrModuleBlockBody (C:\asset-tracking-app\asset-tracking-app\node_modules\@babel\parser\lib\index.js:13316:36)
    at TypeScriptParserMixin.parseBlockBody (C:\asset-tracking-app\asset-tracking-app\node_modules\@babel\parser\lib\index.js:13309:10)
    at TypeScriptParserMixin.parseProgram (C:\asset-tracking-app\asset-tracking-app\node_modules\@babel\parser\lib\index.js:12622:10)
    at TypeScriptParserMixin.parseTopLevel (C:\asset-tracking-app\asset-tracking-app\node_modules\@babel\parser\lib\index.js:12612:25)
    at TypeScriptParserMixin.parse (C:\asset-tracking-app\asset-tracking-app\node_modules\@babel\parser\lib\index.js:14488:25)
    at TypeScriptParserMixin.parse (C:\asset-tracking-app\asset-tracking-app\node_modules\@babel\parser\lib\index.js:10126:18)
    at parse (C:\asset-tracking-app\asset-tracking-app\node_modules\@babel\parser\lib\index.js:14501:26)
    at parser (C:\asset-tracking-app\asset-tracking-app\node_modules\@babel\core\lib\parser\index.js:41:34)
    at parser.next (<anonymous>)
    at normalizeFile (C:\asset-tracking-app\asset-tracking-app\node_modules\@babel\core\lib\transformation\normalize-file.js:64:37)
    at normalizeFile.next (<anonymous>)
    at run (C:\asset-tracking-app\asset-tracking-app\node_modules\@babel\core\lib\transformation\index.js:22:50)
    at run.next (<anonymous>)
    at transform (C:\asset-tracking-app\asset-tracking-app\node_modules\@babel\core\lib\transform.js:22:33)
    at transform.next (<anonymous>)
    at evaluateSync (C:\asset-tracking-app\asset-tracking-app\node_modules\gensync\index.js:251:28)
    at sync (C:\asset-tracking-app\asset-tracking-app\node_modules\gensync\index.js:89:14)
    at stopHiding - secret - don't use this - v1 (C:\asset-tracking-app\asset-tracking-app\node_modules\@babel\core\lib\errors\rewrite-stack-trace.js:47:12)
 ERROR  SyntaxError: C:\asset-tracking-app\asset-tracking-app\src\features\dashboard\hooks\useDashboardData.ts: Nullish coalescing operator(??) requires parens when mixing with logical operators. (332:7)

  330 |       "foundItems",
  331 |       "found",
> 332 |     ]) ||
      |        ^
  333 |     Math.max(row.scannedCount - extra, 0);
  334 |
  335 |   return { found, missing, extra };
    at constructor (C:\asset-tracking-app\asset-tracking-app\node_modules\@babel\parser\lib\index.js:365:19)
    at TypeScriptParserMixin.raise (C:\asset-tracking-app\asset-tracking-app\node_modules\@babel\parser\lib\index.js:6599:19)
    at TypeScriptParserMixin.parseExprOp (C:\asset-tracking-app\asset-tracking-app\node_modules\@babel\parser\lib\index.js:10951:22)
    at TypeScriptParserMixin.parseExprOp (C:\asset-tracking-app\asset-tracking-app\node_modules\@babel\parser\lib\index.js:9306:18)
    at TypeScriptParserMixin.parseExprOps (C:\asset-tracking-app\asset-tracking-app\node_modules\@babel\parser\lib\index.js:10908:17)
    at TypeScriptParserMixin.parseMaybeConditional (C:\asset-tracking-app\asset-tracking-app\node_modules\@babel\parser\lib\index.js:10881:23)
    at TypeScriptParserMixin.parseMaybeAssign (C:\asset-tracking-app\asset-tracking-app\node_modules\@babel\parser\lib\index.js:10831:21)
    at TypeScriptParserMixin.parseMaybeAssign (C:\asset-tracking-app\asset-tracking-app\node_modules\@babel\parser\lib\index.js:9786:20)
    at C:\asset-tracking-app\asset-tracking-app\node_modules\@babel\parser\lib\index.js:10800:39
    at TypeScriptParserMixin.allowInAnd (C:\asset-tracking-app\asset-tracking-app\node_modules\@babel\parser\lib\index.js:12421:16)
    at TypeScriptParserMixin.parseMaybeAssignAllowIn (C:\asset-tracking-app\asset-tracking-app\node_modules\@babel\parser\lib\index.js:10800:17)
    at TypeScriptParserMixin.parseVar (C:\asset-tracking-app\asset-tracking-app\node_modules\@babel\parser\lib\index.js:13384:91)
    at TypeScriptParserMixin.parseVarStatement (C:\asset-tracking-app\asset-tracking-app\node_modules\@babel\parser\lib\index.js:13230:10)
    at TypeScriptParserMixin.parseVarStatement (C:\asset-tracking-app\asset-tracking-app\node_modules\@babel\parser\lib\index.js:9408:31)
    at TypeScriptParserMixin.parseStatementContent (C:\asset-tracking-app\asset-tracking-app\node_modules\@babel\parser\lib\index.js:12851:23)
    at TypeScriptParserMixin.parseStatementContent (C:\asset-tracking-app\asset-tracking-app\node_modules\@babel\parser\lib\index.js:9508:18)
    at TypeScriptParserMixin.parseStatementLike (C:\asset-tracking-app\asset-tracking-app\node_modules\@babel\parser\lib\index.js:12767:17)
    at TypeScriptParserMixin.parseStatementListItem (C:\asset-tracking-app\asset-tracking-app\node_modules\@babel\parser\lib\index.js:12747:17)
    at TypeScriptParserMixin.parseBlockOrModuleBlockBody (C:\asset-tracking-app\asset-tracking-app\node_modules\@babel\parser\lib\index.js:13316:61)
    at TypeScriptParserMixin.parseBlockBody (C:\asset-tracking-app\asset-tracking-app\node_modules\@babel\parser\lib\index.js:13309:10)
    at TypeScriptParserMixin.parseBlock (C:\asset-tracking-app\asset-tracking-app\node_modules\@babel\parser\lib\index.js:13297:10)
    at TypeScriptParserMixin.parseFunctionBody (C:\asset-tracking-app\asset-tracking-app\node_modules\@babel\parser\lib\index.js:12100:24)
    at TypeScriptParserMixin.parseFunctionBodyAndFinish (C:\asset-tracking-app\asset-tracking-app\node_modules\@babel\parser\lib\index.js:12086:10)
    at TypeScriptParserMixin.parseFunctionBodyAndFinish (C:\asset-tracking-app\asset-tracking-app\node_modules\@babel\parser\lib\index.js:9172:18)
    at C:\asset-tracking-app\asset-tracking-app\node_modules\@babel\parser\lib\index.js:13445:12
    at TypeScriptParserMixin.withSmartMixTopicForbiddingContext (C:\asset-tracking-app\asset-tracking-app\node_modules\@babel\parser\lib\index.js:12403:14)
    at TypeScriptParserMixin.parseFunction (C:\asset-tracking-app\asset-tracking-app\node_modules\@babel\parser\lib\index.js:13444:10)
    at TypeScriptParserMixin.parseFunctionStatement (C:\asset-tracking-app\asset-tracking-app\node_modules\@babel\parser\lib\index.js:13125:17)
    at TypeScriptParserMixin.parseStatementContent (C:\asset-tracking-app\asset-tracking-app\node_modules\@babel\parser\lib\index.js:12791:21)
    at TypeScriptParserMixin.parseStatementContent (C:\asset-tracking-app\asset-tracking-app\node_modules\@babel\parser\lib\index.js:9508:18)
    at TypeScriptParserMixin.parseStatementLike (C:\asset-tracking-app\asset-tracking-app\node_modules\@babel\parser\lib\index.js:12767:17)
    at TypeScriptParserMixin.parseModuleItem (C:\asset-tracking-app\asset-tracking-app\node_modules\@babel\parser\lib\index.js:12744:17)
    at TypeScriptParserMixin.parseBlockOrModuleBlockBody (C:\asset-tracking-app\asset-tracking-app\node_modules\@babel\parser\lib\index.js:13316:36)
    at TypeScriptParserMixin.parseBlockBody (C:\asset-tracking-app\asset-tracking-app\node_modules\@babel\parser\lib\index.js:13309:10)
    at TypeScriptParserMixin.parseProgram (C:\asset-tracking-app\asset-tracking-app\node_modules\@babel\parser\lib\index.js:12622:10)
    at TypeScriptParserMixin.parseTopLevel (C:\asset-tracking-app\asset-tracking-app\node_modules\@babel\parser\lib\index.js:12612:25)
    at TypeScriptParserMixin.parse (C:\asset-tracking-app\asset-tracking-app\node_modules\@babel\parser\lib\index.js:14488:25)
    at TypeScriptParserMixin.parse (C:\asset-tracking-app\asset-tracking-app\node_modules\@babel\parser\lib\index.js:10126:18)
    at parse (C:\asset-tracking-app\asset-tracking-app\node_modules\@babel\parser\lib\index.js:14501:26)
    at parser (C:\asset-tracking-app\asset-tracking-app\node_modules\@babel\core\lib\parser\index.js:41:34)
    at parser.next (<anonymous>)
    at normalizeFile (C:\asset-tracking-app\asset-tracking-app\node_modules\@babel\core\lib\transformation\normalize-file.js:64:37)
    at normalizeFile.next (<anonymous>)
    at run (C:\asset-tracking-app\asset-tracking-app\node_modules\@babel\core\lib\transformation\index.js:22:50)
    at run.next (<anonymous>)
    at transform (C:\asset-tracking-app\asset-tracking-app\node_modules\@babel\core\lib\transform.js:22:33)
    at transform.next (<anonymous>)
    at evaluateSync (C:\asset-tracking-app\asset-tracking-app\node_modules\gensync\index.js:251:28)
    at sync (C:\asset-tracking-app\asset-tracking-app\node_modules\gensync\index.js:89:14)
    at stopHiding - secret - don't use this - v1 (C:\asset-tracking-app\asset-tracking-app\node_modules\@babel\core\lib\errors\rewrite-stack-trace.js:47:12)
 ERROR  SyntaxError: C:\asset-tracking-app\asset-tracking-app\src\features\dashboard\hooks\useDashboardData.ts: Nullish coalescing operator(??) requires parens when mixing with logical operators. (332:7)

  330 |       "foundItems",
  331 |       "found",
> 332 |     ]) ||
      |        ^
  333 |     Math.max(row.scannedCount - extra, 0);
  334 |
  335 |   return { found, missing, extra };
    at constructor (C:\asset-tracking-app\asset-tracking-app\node_modules\@babel\parser\lib\index.js:365:19)
    at TypeScriptParserMixin.raise (C:\asset-tracking-app\asset-tracking-app\node_modules\@babel\parser\lib\index.js:6599:19)
    at TypeScriptParserMixin.parseExprOp (C:\asset-tracking-app\asset-tracking-app\node_modules\@babel\parser\lib\index.js:10951:22)
    at TypeScriptParserMixin.parseExprOp (C:\asset-tracking-app\asset-tracking-app\node_modules\@babel\parser\lib\index.js:9306:18)
    at TypeScriptParserMixin.parseExprOps (C:\asset-tracking-app\asset-tracking-app\node_modules\@babel\parser\lib\index.js:10908:17)
    at TypeScriptParserMixin.parseMaybeConditional (C:\asset-tracking-app\asset-tracking-app\node_modules\@babel\parser\lib\index.js:10881:23)
    at TypeScriptParserMixin.parseMaybeAssign (C:\asset-tracking-app\asset-tracking-app\node_modules\@babel\parser\lib\index.js:10831:21)
    at TypeScriptParserMixin.parseMaybeAssign (C:\asset-tracking-app\asset-tracking-app\node_modules\@babel\parser\lib\index.js:9786:20)
    at C:\asset-tracking-app\asset-tracking-app\node_modules\@babel\parser\lib\index.js:10800:39
    at TypeScriptParserMixin.allowInAnd (C:\asset-tracking-app\asset-tracking-app\node_modules\@babel\parser\lib\index.js:12421:16)
    at TypeScriptParserMixin.parseMaybeAssignAllowIn (C:\asset-tracking-app\asset-tracking-app\node_modules\@babel\parser\lib\index.js:10800:17)
    at TypeScriptParserMixin.parseVar (C:\asset-tracking-app\asset-tracking-app\node_modules\@babel\parser\lib\index.js:13384:91)
    at TypeScriptParserMixin.parseVarStatement (C:\asset-tracking-app\asset-tracking-app\node_modules\@babel\parser\lib\index.js:13230:10)
    at TypeScriptParserMixin.parseVarStatement (C:\asset-tracking-app\asset-tracking-app\node_modules\@babel\parser\lib\index.js:9408:31)
    at TypeScriptParserMixin.parseStatementContent (C:\asset-tracking-app\asset-tracking-app\node_modules\@babel\parser\lib\index.js:12851:23)
    at TypeScriptParserMixin.parseStatementContent (C:\asset-tracking-app\asset-tracking-app\node_modules\@babel\parser\lib\index.js:9508:18)
    at TypeScriptParserMixin.parseStatementLike (C:\asset-tracking-app\asset-tracking-app\node_modules\@babel\parser\lib\index.js:12767:17)
    at TypeScriptParserMixin.parseStatementListItem (C:\asset-tracking-app\asset-tracking-app\node_modules\@babel\parser\lib\index.js:12747:17)
    at TypeScriptParserMixin.parseBlockOrModuleBlockBody (C:\asset-tracking-app\asset-tracking-app\node_modules\@babel\parser\lib\index.js:13316:61)
    at TypeScriptParserMixin.parseBlockBody (C:\asset-tracking-app\asset-tracking-app\node_modules\@babel\parser\lib\index.js:13309:10)
    at TypeScriptParserMixin.parseBlock (C:\asset-tracking-app\asset-tracking-app\node_modules\@babel\parser\lib\index.js:13297:10)
    at TypeScriptParserMixin.parseFunctionBody (C:\asset-tracking-app\asset-tracking-app\node_modules\@babel\parser\lib\index.js:12100:24)
    at TypeScriptParserMixin.parseFunctionBodyAndFinish (C:\asset-tracking-app\asset-tracking-app\node_modules\@babel\parser\lib\index.js:12086:10)
    at TypeScriptParserMixin.parseFunctionBodyAndFinish (C:\asset-tracking-app\asset-tracking-app\node_modules\@babel\parser\lib\index.js:9172:18)
    at C:\asset-tracking-app\asset-tracking-app\node_modules\@babel\parser\lib\index.js:13445:12
    at TypeScriptParserMixin.withSmartMixTopicForbiddingContext (C:\asset-tracking-app\asset-tracking-app\node_modules\@babel\parser\lib\index.js:12403:14)
    at TypeScriptParserMixin.parseFunction (C:\asset-tracking-app\asset-tracking-app\node_modules\@babel\parser\lib\index.js:13444:10)
    at TypeScriptParserMixin.parseFunctionStatement (C:\asset-tracking-app\asset-tracking-app\node_modules\@babel\parser\lib\index.js:13125:17)
    at TypeScriptParserMixin.parseStatementContent (C:\asset-tracking-app\asset-tracking-app\node_modules\@babel\parser\lib\index.js:12791:21)
    at TypeScriptParserMixin.parseStatementContent (C:\asset-tracking-app\asset-tracking-app\node_modules\@babel\parser\lib\index.js:9508:18)
    at TypeScriptParserMixin.parseStatementLike (C:\asset-tracking-app\asset-tracking-app\node_modules\@babel\parser\lib\index.js:12767:17)
    at TypeScriptParserMixin.parseModuleItem (C:\asset-tracking-app\asset-tracking-app\node_modules\@babel\parser\lib\index.js:12744:17)
    at TypeScriptParserMixin.parseBlockOrModuleBlockBody (C:\asset-tracking-app\asset-tracking-app\node_modules\@babel\parser\lib\index.js:13316:36)
    at TypeScriptParserMixin.parseBlockBody (C:\asset-tracking-app\asset-tracking-app\node_modules\@babel\parser\lib\index.js:13309:10)
    at TypeScriptParserMixin.parseProgram (C:\asset-tracking-app\asset-tracking-app\node_modules\@babel\parser\lib\index.js:12622:10)
    at TypeScriptParserMixin.parseTopLevel (C:\asset-tracking-app\asset-tracking-app\node_modules\@babel\parser\lib\index.js:12612:25)
    at TypeScriptParserMixin.parse (C:\asset-tracking-app\asset-tracking-app\node_modules\@babel\parser\lib\index.js:14488:25)
    at TypeScriptParserMixin.parse (C:\asset-tracking-app\asset-tracking-app\node_modules\@babel\parser\lib\index.js:10126:18)
    at parse (C:\asset-tracking-app\asset-tracking-app\node_modules\@babel\parser\lib\index.js:14501:26)
    at parser (C:\asset-tracking-app\asset-tracking-app\node_modules\@babel\core\lib\parser\index.js:41:34)
    at parser.next (<anonymous>)
    at normalizeFile (C:\asset-tracking-app\asset-tracking-app\node_modules\@babel\core\lib\transformation\normalize-file.js:64:37)
    at normalizeFile.next (<anonymous>)
    at run (C:\asset-tracking-app\asset-tracking-app\node_modules\@babel\core\lib\transformation\index.js:22:50)
    at run.next (<anonymous>)
    at transform (C:\asset-tracking-app\asset-tracking-app\node_modules\@babel\core\lib\transform.js:22:33)
    at transform.next (<anonymous>)
    at evaluateSync (C:\asset-tracking-app\asset-tracking-app\node_modules\gensync\index.js:251:28)
    at sync (C:\asset-tracking-app\asset-tracking-app\node_modules\gensync\index.js:89:14)
    at stopHiding - secret - don't use this - v1 (C:\asset-tracking-app\asset-tracking-app\node_modules\@babel\core\lib\errors\rewrite-stack-trace.js:47:12)
 ERROR  SyntaxError: C:\asset-tracking-app\asset-tracking-app\src\features\dashboard\hooks\useDashboardData.ts: Nullish coalescing operator(??) requires parens when mixing with logical operators. (332:7)

  330 |       "foundItems",
  331 |       "found",
> 332 |     ]) ||
      |        ^
  333 |     Math.max(row.scannedCount - extra, 0);
  334 |
  335 |   return { found, missing, extra };
    at constructor (C:\asset-tracking-app\asset-tracking-app\node_modules\@babel\parser\lib\index.js:365:19)
    at TypeScriptParserMixin.raise (C:\asset-tracking-app\asset-tracking-app\node_modules\@babel\parser\lib\index.js:6599:19)
    at TypeScriptParserMixin.parseExprOp (C:\asset-tracking-app\asset-tracking-app\node_modules\@babel\parser\lib\index.js:10951:22)
    at TypeScriptParserMixin.parseExprOp (C:\asset-tracking-app\asset-tracking-app\node_modules\@babel\parser\lib\index.js:9306:18)
    at TypeScriptParserMixin.parseExprOps (C:\asset-tracking-app\asset-tracking-app\node_modules\@babel\parser\lib\index.js:10908:17)
    at TypeScriptParserMixin.parseMaybeConditional (C:\asset-tracking-app\asset-tracking-app\node_modules\@babel\parser\lib\index.js:10881:23)
    at TypeScriptParserMixin.parseMaybeAssign (C:\asset-tracking-app\asset-tracking-app\node_modules\@babel\parser\lib\index.js:10831:21)
    at TypeScriptParserMixin.parseMaybeAssign (C:\asset-tracking-app\asset-tracking-app\node_modules\@babel\parser\lib\index.js:9786:20)
    at C:\asset-tracking-app\asset-tracking-app\node_modules\@babel\parser\lib\index.js:10800:39
    at TypeScriptParserMixin.allowInAnd (C:\asset-tracking-app\asset-tracking-app\node_modules\@babel\parser\lib\index.js:12421:16)
    at TypeScriptParserMixin.parseMaybeAssignAllowIn (C:\asset-tracking-app\asset-tracking-app\node_modules\@babel\parser\lib\index.js:10800:17)
    at TypeScriptParserMixin.parseVar (C:\asset-tracking-app\asset-tracking-app\node_modules\@babel\parser\lib\index.js:13384:91)
    at TypeScriptParserMixin.parseVarStatement (C:\asset-tracking-app\asset-tracking-app\node_modules\@babel\parser\lib\index.js:13230:10)
    at TypeScriptParserMixin.parseVarStatement (C:\asset-tracking-app\asset-tracking-app\node_modules\@babel\parser\lib\index.js:9408:31)
    at TypeScriptParserMixin.parseStatementContent (C:\asset-tracking-app\asset-tracking-app\node_modules\@babel\parser\lib\index.js:12851:23)
    at TypeScriptParserMixin.parseStatementContent (C:\asset-tracking-app\asset-tracking-app\node_modules\@babel\parser\lib\index.js:9508:18)
    at TypeScriptParserMixin.parseStatementLike (C:\asset-tracking-app\asset-tracking-app\node_modules\@babel\parser\lib\index.js:12767:17)
    at TypeScriptParserMixin.parseStatementListItem (C:\asset-tracking-app\asset-tracking-app\node_modules\@babel\parser\lib\index.js:12747:17)
    at TypeScriptParserMixin.parseBlockOrModuleBlockBody (C:\asset-tracking-app\asset-tracking-app\node_modules\@babel\parser\lib\index.js:13316:61)
    at TypeScriptParserMixin.parseBlockBody (C:\asset-tracking-app\asset-tracking-app\node_modules\@babel\parser\lib\index.js:13309:10)
    at TypeScriptParserMixin.parseBlock (C:\asset-tracking-app\asset-tracking-app\node_modules\@babel\parser\lib\index.js:13297:10)
    at TypeScriptParserMixin.parseFunctionBody (C:\asset-tracking-app\asset-tracking-app\node_modules\@babel\parser\lib\index.js:12100:24)
    at TypeScriptParserMixin.parseFunctionBodyAndFinish (C:\asset-tracking-app\asset-tracking-app\node_modules\@babel\parser\lib\index.js:12086:10)
    at TypeScriptParserMixin.parseFunctionBodyAndFinish (C:\asset-tracking-app\asset-tracking-app\node_modules\@babel\parser\lib\index.js:9172:18)
    at C:\asset-tracking-app\asset-tracking-app\node_modules\@babel\parser\lib\index.js:13445:12
    at TypeScriptParserMixin.withSmartMixTopicForbiddingContext (C:\asset-tracking-app\asset-tracking-app\node_modules\@babel\parser\lib\index.js:12403:14)
    at TypeScriptParserMixin.parseFunction (C:\asset-tracking-app\asset-tracking-app\node_modules\@babel\parser\lib\index.js:13444:10)
    at TypeScriptParserMixin.parseFunctionStatement (C:\asset-tracking-app\asset-tracking-app\node_modules\@babel\parser\lib\index.js:13125:17)
    at TypeScriptParserMixin.parseStatementContent (C:\asset-tracking-app\asset-tracking-app\node_modules\@babel\parser\lib\index.js:12791:21)
    at TypeScriptParserMixin.parseStatementContent (C:\asset-tracking-app\asset-tracking-app\node_modules\@babel\parser\lib\index.js:9508:18)
    at TypeScriptParserMixin.parseStatementLike (C:\asset-tracking-app\asset-tracking-app\node_modules\@babel\parser\lib\index.js:12767:17)
    at TypeScriptParserMixin.parseModuleItem (C:\asset-tracking-app\asset-tracking-app\node_modules\@babel\parser\lib\index.js:12744:17)
    at TypeScriptParserMixin.parseBlockOrModuleBlockBody (C:\asset-tracking-app\asset-tracking-app\node_modules\@babel\parser\lib\index.js:13316:36)
    at TypeScriptParserMixin.parseBlockBody (C:\asset-tracking-app\asset-tracking-app\node_modules\@babel\parser\lib\index.js:13309:10)
    at TypeScriptParserMixin.parseProgram (C:\asset-tracking-app\asset-tracking-app\node_modules\@babel\parser\lib\index.js:12622:10)
    at TypeScriptParserMixin.parseTopLevel (C:\asset-tracking-app\asset-tracking-app\node_modules\@babel\parser\lib\index.js:12612:25)
    at TypeScriptParserMixin.parse (C:\asset-tracking-app\asset-tracking-app\node_modules\@babel\parser\lib\index.js:14488:25)
    at TypeScriptParserMixin.parse (C:\asset-tracking-app\asset-tracking-app\node_modules\@babel\parser\lib\index.js:10126:18)
    at parse (C:\asset-tracking-app\asset-tracking-app\node_modules\@babel\parser\lib\index.js:14501:26)
    at parser (C:\asset-tracking-app\asset-tracking-app\node_modules\@babel\core\lib\parser\index.js:41:34)
    at parser.next (<anonymous>)
    at normalizeFile (C:\asset-tracking-app\asset-tracking-app\node_modules\@babel\core\lib\transformation\normalize-file.js:64:37)
    at normalizeFile.next (<anonymous>)
    at run (C:\asset-tracking-app\asset-tracking-app\node_modules\@babel\core\lib\transformation\index.js:22:50)
    at run.next (<anonymous>)
    at transform (C:\asset-tracking-app\asset-tracking-app\node_modules\@babel\core\lib\transform.js:22:33)
    at transform.next (<anonymous>)
    at evaluateSync (C:\asset-tracking-app\asset-tracking-app\node_modules\gensync\index.js:251:28)
    at sync (C:\asset-tracking-app\asset-tracking-app\node_modules\gensync\index.js:89:14)
    at stopHiding - secret - don't use this - v1 (C:\asset-tracking-app\asset-tracking-app\node_modules\@babel\core\lib\errors\rewrite-stack-trace.js:47:12)
Web node_modules\expo-router\entry.js ░░░░░░░░░░░░░░░░  0.0% (0/1)
Web Bundled 777ms node_modules\expo-router\entry.js (1 module)
λ Bundled 858ms node_modules\expo-router\node\render.js (1 module)
Web node_modules\expo-router\entry.js ░░░░░░░░░░░░░░░░  0.0% (0/1)
Web Bundled 1413ms node_modules\expo-router\entry.js (1 module)
λ Bundled 1580ms node_modules\expo-router\node\render.js (1 module)
