The following packages should be updated for best compatibility with the installed expo version:
  expo@54.0.34 - expected version: ~54.0.35
  expo-file-system@19.0.22 - expected version: ~19.0.23
  expo-font@14.0.11 - expected version: ~14.0.12
  expo-router@6.0.23 - expected version: ~6.0.24
Your project may not work correctly until you install the expected versions of the packages.
λ  WARN  props.pointerEvents is deprecated. Use style.pointerEvents 
  console.warn (C:\asset-tracking-app\asset-tracking-app\node_modules\expo\node_modules\@expo\cli\src\start\server\serverLogLikeMetro.ts:161:21)
  warnOnce (C:\asset-tracking-app\asset-tracking-app\node_modules\react-native-web\dist\modules\warnOnce\index.js:24:13)
  createDOMProps (C:\asset-tracking-app\asset-tracking-app\node_modules\react-native-web\dist\modules\createDOMProps\index.js:805:13)
  createElement (C:\asset-tracking-app\asset-tracking-app\node_modules\react-native-web\dist\exports\createElement\index.js:23:32)
  Component (C:\asset-tracking-app\asset-tracking-app\node_modules\react-native-web\dist\exports\View\index.js:111:23)
  Object.callComponentInDEV [as react-stack-bottom-frame] (C:\asset-tracking-app\asset-tracking-app\node_modules\react-dom\cjs\react-dom-server-legacy.node.development.js:8970:18)
  renderWithHooks (C:\asset-tracking-app\asset-tracking-app\node_modules\react-dom\cjs\react-dom-server-legacy.node.development.js:4699:19)
  run (C:\asset-tracking-app\asset-tracking-app\node_modules\react-dom\cjs\react-dom-server-legacy.node.development.js:5539:39)
  retryNode (C:\asset-tracking-app\asset-tracking-app\node_modules\react-dom\cjs\react-dom-server-legacy.node.development.js:5899:31)
  renderNodeDestructive (C:\asset-tracking-app\asset-tracking-app\node_modules\react-dom\cjs\react-dom-server-legacy.node.development.js:5849:11)
λ  WARN  props.pointerEvents is deprecated. Use style.pointerEvents 
  console.warn (C:\asset-tracking-app\asset-tracking-app\node_modules\expo\node_modules\@expo\cli\src\start\server\serverLogLikeMetro.ts:161:21)
  warnOnce (C:\asset-tracking-app\asset-tracking-app\node_modules\react-native-web\dist\modules\warnOnce\index.js:24:13)
  createDOMProps (C:\asset-tracking-app\asset-tracking-app\node_modules\react-native-web\dist\modules\createDOMProps\index.js:805:13)
  createElement (C:\asset-tracking-app\asset-tracking-app\node_modules\react-native-web\dist\exports\createElement\index.js:23:32)
  Component (C:\asset-tracking-app\asset-tracking-app\node_modules\react-native-web\dist\exports\View\index.js:111:23)
  Object.callComponentInDEV [as react-stack-bottom-frame] (C:\asset-tracking-app\asset-tracking-app\node_modules\react-dom\cjs\react-dom-server-legacy.node.development.js:8970:18)
  renderWithHooks (C:\asset-tracking-app\asset-tracking-app\node_modules\react-dom\cjs\react-dom-server-legacy.node.development.js:4699:19)
  run (C:\asset-tracking-app\asset-tracking-app\node_modules\react-dom\cjs\react-dom-server-legacy.node.development.js:5539:39)
  retryNode (C:\asset-tracking-app\asset-tracking-app\node_modules\react-dom\cjs\react-dom-server-legacy.node.development.js:5899:31)
  renderNodeDestructive (C:\asset-tracking-app\asset-tracking-app\node_modules\react-dom\cjs\react-dom-server-legacy.node.development.js:5849:11)
λ  WARN  props.pointerEvents is deprecated. Use style.pointerEvents 
  console.warn (C:\asset-tracking-app\asset-tracking-app\node_modules\expo\node_modules\@expo\cli\src\start\server\serverLogLikeMetro.ts:161:21)
  warnOnce (C:\asset-tracking-app\asset-tracking-app\node_modules\react-native-web\dist\modules\warnOnce\index.js:24:13)
  createDOMProps (C:\asset-tracking-app\asset-tracking-app\node_modules\react-native-web\dist\modules\createDOMProps\index.js:805:13)
  createElement (C:\asset-tracking-app\asset-tracking-app\node_modules\react-native-web\dist\exports\createElement\index.js:23:32)
  VALID_ATTRIBUTE_NAME_REGEX (C:\asset-tracking-app\asset-tracking-app\node_modules\react-native-web\dist\exports\View\index.js:111:23)
  Object.react-stack-bottom-frame (C:\asset-tracking-app\asset-tracking-app\node_modules\react-dom\cjs\react-dom-server.node.development.js:326:11)
  renderWithHooks (C:\asset-tracking-app\asset-tracking-app\node_modules\react-dom\cjs\react-dom-server-legacy.node.development.js:5295:19)
  renderElement (C:\asset-tracking-app\asset-tracking-app\node_modules\react-dom\cjs\react-dom-server-legacy.node.development.js:6040:27)
  retryNode (C:\asset-tracking-app\asset-tracking-app\node_modules\react-dom\cjs\react-dom-server-legacy.node.development.js:6357:5)
  renderNodeDestructive (C:\asset-tracking-app\asset-tracking-app\node_modules\react-dom\cjs\react-dom-server-legacy.node.development.js:6339:57)
λ  WARN  props.pointerEvents is deprecated. Use style.pointerEvents 
  console.warn (C:\asset-tracking-app\asset-tracking-app\node_modules\expo\node_modules\@expo\cli\src\start\server\serverLogLikeMetro.ts:161:21)
  warnOnce (C:\asset-tracking-app\asset-tracking-app\node_modules\react-native-web\dist\modules\warnOnce\index.js:24:13)
  createDOMProps (C:\asset-tracking-app\asset-tracking-app\node_modules\react-native-web\dist\modules\createDOMProps\index.js:805:13)
  createElement (C:\asset-tracking-app\asset-tracking-app\node_modules\react-native-web\dist\exports\createElement\index.js:23:32)
  formTarget (C:\asset-tracking-app\asset-tracking-app\node_modules\react-native-web\dist\exports\View\index.js:111:23)
  Object.childIndex [as react-stack-bottom-frame] (C:\asset-tracking-app\asset-tracking-app\node_modules\react-dom\cjs\react-dom-server.node.development.js:1256:18)
  segment (C:\asset-tracking-app\asset-tracking-app\node_modules\react-dom\cjs\react-dom-server-legacy.node.development.js:6271:15)
  renderElement (C:\asset-tracking-app\asset-tracking-app\node_modules\react-dom\cjs\react-dom-server-legacy.node.development.js:6930:31)
  retryNode (C:\asset-tracking-app\asset-tracking-app\node_modules\react-dom\cjs\react-dom-server-legacy.node.development.js:7306:78)
  renderNodeDestructive (C:\asset-tracking-app\asset-tracking-app\node_modules\react-dom\cjs\react-dom-server-legacy.node.development.js:7280:61)
